[[1;34mINFO[m] Scanning for projects...
[[1;34mINFO[m] 
[[1;34mINFO[m] [1m----------------< [0;36mcom.marketplace:marketplace-backend[0;1m >-----------------[m
[[1;34mINFO[m] [1mBuilding marketplace-backend 1.0.0[m
[[1;34mINFO[m] [1m--------------------------------[ jar ]---------------------------------[m
[[1;34mINFO[m] 
[[1;34mINFO[m] [1m>>> [0;32mspring-boot-maven-plugin:3.2.5:run[m [1m(default-cli)[0;1m > [0;1mtest-compile[m @ [36mmarketplace-backend[0;1m >>>[m
[[1;34mINFO[m] 
[[1;34mINFO[m] [1m--- [0;32mmaven-resources-plugin:3.3.1:resources[m [1m(default-resources)[m @ [36mmarketplace-backend[0;1m ---[m
[[1;34mINFO[m] Copying 1 resource from src/main/resources to target/classes
[[1;34mINFO[m] Copying 0 resource from src/main/resources to target/classes
[[1;34mINFO[m] 
[[1;34mINFO[m] [1m--- [0;32mmaven-compiler-plugin:3.11.0:compile[m [1m(default-compile)[m @ [36mmarketplace-backend[0;1m ---[m
[[1;34mINFO[m] Nothing to compile - all classes are up to date
[[1;34mINFO[m] 
[[1;34mINFO[m] [1m--- [0;32mmaven-resources-plugin:3.3.1:testResources[m [1m(default-testResources)[m @ [36mmarketplace-backend[0;1m ---[m
[[1;34mINFO[m] skip non existing resourceDirectory /home/yogesh/Desktop/vendor hub/vendor-hub/marketplace-backend/src/test/resources
[[1;34mINFO[m] 
[[1;34mINFO[m] [1m--- [0;32mmaven-compiler-plugin:3.11.0:testCompile[m [1m(default-testCompile)[m @ [36mmarketplace-backend[0;1m ---[m
[[1;34mINFO[m] No sources to compile
[[1;34mINFO[m] 
[[1;34mINFO[m] [1m<<< [0;32mspring-boot-maven-plugin:3.2.5:run[m [1m(default-cli)[0;1m < [0;1mtest-compile[m @ [36mmarketplace-backend[0;1m <<<[m
[[1;34mINFO[m] 
[[1;34mINFO[m] 
[[1;34mINFO[m] [1m--- [0;32mspring-boot-maven-plugin:3.2.5:run[m [1m(default-cli)[m @ [36mmarketplace-backend[0;1m ---[m
[[1;34mINFO[m] Attaching agents: []
========================================
RAILWAY DEPLOYMENT DEBUG
PORT env variable: null
server.port property: null
========================================
Standard Commons Logging discovery in action with spring-jcl: please remove commons-logging.jar from classpath in order to avoid potential conflicts

  .   ____          _            __ _ _
 /\\ / ___'_ __ _ _(_)_ __  __ _ \ \ \ \
( ( )\___ | '_ | '_| | '_ \/ _` | \ \ \ \
 \\/  ___)| |_)| | | | | || (_| |  ) ) ) )
  '  |____| .__|_| |_|_| |_\__, | / / / /
 =========|_|==============|___/=/_/_/_/
 :: Spring Boot ::                (v3.2.5)

2026-09-12T14:00:32.776+05:30  INFO 249464 --- [marketplace-backend] [           main] com.marketplace.MarketplaceApplication   : Starting MarketplaceApplication using Java 17.0.20 with PID 249464 (/home/yogesh/Desktop/vendor hub/vendor-hub/marketplace-backend/target/classes started by yogesh in /home/yogesh/Desktop/vendor hub/vendor-hub/marketplace-backend)
2026-09-12T14:00:32.778+05:30 DEBUG 249464 --- [marketplace-backend] [           main] com.marketplace.MarketplaceApplication   : Running with Spring Boot v3.2.5, Spring v6.1.6
2026-09-12T14:00:32.779+05:30  INFO 249464 --- [marketplace-backend] [           main] com.marketplace.MarketplaceApplication   : No active profile set, falling back to 1 default profile: "default"
2026-09-12T14:00:33.107+05:30  INFO 249464 --- [marketplace-backend] [           main] .s.d.r.c.RepositoryConfigurationDelegate : Bootstrapping Spring Data MongoDB repositories in DEFAULT mode.
2026-09-12T14:00:33.156+05:30  INFO 249464 --- [marketplace-backend] [           main] .s.d.r.c.RepositoryConfigurationDelegate : Finished Spring Data repository scanning in 45 ms. Found 13 MongoDB repository interfaces.
2026-09-12T14:00:33.569+05:30  INFO 249464 --- [marketplace-backend] [           main] o.s.b.w.embedded.tomcat.TomcatWebServer  : Tomcat initialized with port 8080 (http)
2026-09-12T14:00:33.577+05:30  INFO 249464 --- [marketplace-backend] [           main] o.apache.catalina.core.StandardService   : Starting service [Tomcat]
2026-09-12T14:00:33.577+05:30  INFO 249464 --- [marketplace-backend] [           main] o.apache.catalina.core.StandardEngine    : Starting Servlet engine: [Apache Tomcat/10.1.20]
2026-09-12T14:00:33.606+05:30  INFO 249464 --- [marketplace-backend] [           main] o.a.c.c.C.[Tomcat].[localhost].[/]       : Initializing Spring embedded WebApplicationContext
2026-09-12T14:00:33.607+05:30  INFO 249464 --- [marketplace-backend] [           main] w.s.c.ServletWebServerApplicationContext : Root WebApplicationContext: initialization completed in 789 ms
Standard Commons Logging discovery in action with spring-jcl: please remove commons-logging.jar from classpath in order to avoid potential conflicts
2026-09-12T14:00:33.636+05:30 DEBUG 249464 --- [marketplace-backend] [           main] com.marketplace.config.JwtAuthFilter     : Filter 'jwtAuthFilter' configured for use
2026-09-12T14:00:33.780+05:30  INFO 249464 --- [marketplace-backend] [           main] org.mongodb.driver.client                : MongoClient with metadata {"driver": {"name": "mongo-java-driver|sync|spring-boot", "version": "4.11.2"}, "os": {"type": "Linux", "name": "Linux", "architecture": "amd64", "version": "7.0.0-31-generic"}, "platform": "Java/Ubuntu/17.0.20+8-1-24.04-Ubuntu"} created with settings MongoClientSettings{readPreference=primary, writeConcern=WriteConcern{w=majority, wTimeout=null ms, journal=null}, retryWrites=true, retryReads=true, readConcern=ReadConcern{level=null}, credential=MongoCredential{mechanism=null, userName='yogeshjat8965_db_user', source='admin', password=<hidden>, mechanismProperties=<hidden>}, transportSettings=null, streamFactoryFactory=null, commandListeners=[], codecRegistry=ProvidersCodecRegistry{codecProviders=[ValueCodecProvider{}, BsonValueCodecProvider{}, DBRefCodecProvider{}, DBObjectCodecProvider{}, DocumentCodecProvider{}, CollectionCodecProvider{}, IterableCodecProvider{}, MapCodecProvider{}, GeoJsonCodecProvider{}, GridFSFileCodecProvider{}, Jsr310CodecProvider{}, JsonObjectCodecProvider{}, BsonCodecProvider{}, EnumCodecProvider{}, com.mongodb.client.model.mql.ExpressionCodecProvider@9b5f3c7, com.mongodb.Jep395RecordCodecProvider@74024f3, com.mongodb.KotlinCodecProvider@61ae0d43]}, loggerSettings=LoggerSettings{maxDocumentLength=1000}, clusterSettings={hosts=[127.0.0.1:27017], srvHost=vendorhub.whs5yyc.mongodb.net, srvServiceName=mongodb, mode=MULTIPLE, requiredClusterType=REPLICA_SET, requiredReplicaSetName='atlas-18ega7-shard-0', serverSelector='null', clusterListeners='[]', serverSelectionTimeout='30000 ms', localThreshold='15 ms'}, socketSettings=SocketSettings{connectTimeoutMS=10000, readTimeoutMS=0, receiveBufferSize=0, proxySettings=ProxySettings{host=null, port=null, username=null, password=null}}, heartbeatSocketSettings=SocketSettings{connectTimeoutMS=10000, readTimeoutMS=10000, receiveBufferSize=0, proxySettings=ProxySettings{host=null, port=null, username=null, password=null}}, connectionPoolSettings=ConnectionPoolSettings{maxSize=100, minSize=0, maxWaitTimeMS=120000, maxConnectionLifeTimeMS=0, maxConnectionIdleTimeMS=0, maintenanceInitialDelayMS=0, maintenanceFrequencyMS=60000, connectionPoolListeners=[], maxConnecting=2}, serverSettings=ServerSettings{heartbeatFrequencyMS=10000, minHeartbeatFrequencyMS=500, serverListeners='[]', serverMonitorListeners='[]'}, sslSettings=SslSettings{enabled=true, invalidHostNameAllowed=false, context=null}, applicationName='null', compressorList=[], uuidRepresentation=JAVA_LEGACY, serverApi=null, autoEncryptionSettings=null, dnsClient=null, inetAddressResolver=null, contextProvider=null}
2026-09-12T14:00:33.844+05:30  INFO 249464 --- [marketplace-backend] [yyc.mongodb.net] org.mongodb.driver.cluster               : Adding discovered server ac-odflv1h-shard-00-01.whs5yyc.mongodb.net:27017 to client view of cluster
2026-09-12T14:00:33.862+05:30  INFO 249464 --- [marketplace-backend] [yyc.mongodb.net] org.mongodb.driver.cluster               : Adding discovered server ac-odflv1h-shard-00-00.whs5yyc.mongodb.net:27017 to client view of cluster
2026-09-12T14:00:33.865+05:30  INFO 249464 --- [marketplace-backend] [yyc.mongodb.net] org.mongodb.driver.cluster               : Adding discovered server ac-odflv1h-shard-00-02.whs5yyc.mongodb.net:27017 to client view of cluster
2026-09-12T14:00:34.198+05:30  WARN 249464 --- [marketplace-backend] [           main] .s.s.UserDetailsServiceAutoConfiguration : 

Using generated security password: afdc4d91-a4c6-4cc0-a5df-781b9b7b4f05

This generated password is for development use only. Your security configuration must be updated before running your application in production.

2026-09-12T14:00:34.323+05:30  INFO 249464 --- [marketplace-backend] [ngodb.net:27017] org.mongodb.driver.cluster               : Monitor thread successfully connected to server with description ServerDescription{address=ac-odflv1h-shard-00-00.whs5yyc.mongodb.net:27017, type=REPLICA_SET_SECONDARY, state=CONNECTED, ok=true, minWireVersion=0, maxWireVersion=25, maxDocumentSize=16777216, logicalSessionTimeoutMinutes=30, roundTripTimeNanos=265802516, setName='atlas-18ega7-shard-0', canonicalAddress=ac-odflv1h-shard-00-00.whs5yyc.mongodb.net:27017, hosts=[ac-odflv1h-shard-00-01.whs5yyc.mongodb.net:27017, ac-odflv1h-shard-00-02.whs5yyc.mongodb.net:27017, ac-odflv1h-shard-00-00.whs5yyc.mongodb.net:27017], passives=[], arbiters=[], primary='ac-odflv1h-shard-00-01.whs5yyc.mongodb.net:27017', tagSet=TagSet{[Tag{name='availabilityZone', value='aps1-az1'}, Tag{name='cacheState', value='READY'}, Tag{name='diskState', value='READY'}, Tag{name='nodeType', value='ELECTABLE'}, Tag{name='provider', value='AWS'}, Tag{name='region', value='AP_SOUTH_1'}, Tag{name='workloadType', value='OPERATIONAL'}]}, electionId=null, setVersion=86, topologyVersion=TopologyVersion{processId=6a9f0c635aae3745175ef0da, counter=10}, lastWriteDate=Sat Sep 12 14:00:34 IST 2026, lastUpdateTimeNanos=79401079024570}
2026-09-12T14:00:34.323+05:30  INFO 249464 --- [marketplace-backend] [ngodb.net:27017] org.mongodb.driver.cluster               : Monitor thread successfully connected to server with description ServerDescription{address=ac-odflv1h-shard-00-01.whs5yyc.mongodb.net:27017, type=REPLICA_SET_PRIMARY, state=CONNECTED, ok=true, minWireVersion=0, maxWireVersion=25, maxDocumentSize=16777216, logicalSessionTimeoutMinutes=30, roundTripTimeNanos=263218274, setName='atlas-18ega7-shard-0', canonicalAddress=ac-odflv1h-shard-00-01.whs5yyc.mongodb.net:27017, hosts=[ac-odflv1h-shard-00-01.whs5yyc.mongodb.net:27017, ac-odflv1h-shard-00-02.whs5yyc.mongodb.net:27017, ac-odflv1h-shard-00-00.whs5yyc.mongodb.net:27017], passives=[], arbiters=[], primary='ac-odflv1h-shard-00-01.whs5yyc.mongodb.net:27017', tagSet=TagSet{[Tag{name='availabilityZone', value='aps1-az3'}, Tag{name='cacheState', value='READY'}, Tag{name='diskState', value='READY'}, Tag{name='nodeType', value='ELECTABLE'}, Tag{name='provider', value='AWS'}, Tag{name='region', value='AP_SOUTH_1'}, Tag{name='workloadType', value='OPERATIONAL'}]}, electionId=7fffffff00000000000000b0, setVersion=86, topologyVersion=TopologyVersion{processId=6a9f0f629ecf86a998d4d7e1, counter=10}, lastWriteDate=Sat Sep 12 14:00:34 IST 2026, lastUpdateTimeNanos=79401079273721}
2026-09-12T14:00:34.325+05:30  INFO 249464 --- [marketplace-backend] [ngodb.net:27017] org.mongodb.driver.cluster               : Monitor thread successfully connected to server with description ServerDescription{address=ac-odflv1h-shard-00-02.whs5yyc.mongodb.net:27017, type=REPLICA_SET_SECONDARY, state=CONNECTED, ok=true, minWireVersion=0, maxWireVersion=25, maxDocumentSize=16777216, logicalSessionTimeoutMinutes=30, roundTripTimeNanos=284589621, setName='atlas-18ega7-shard-0', canonicalAddress=ac-odflv1h-shard-00-02.whs5yyc.mongodb.net:27017, hosts=[ac-odflv1h-shard-00-01.whs5yyc.mongodb.net:27017, ac-odflv1h-shard-00-02.whs5yyc.mongodb.net:27017, ac-odflv1h-shard-00-00.whs5yyc.mongodb.net:27017], passives=[], arbiters=[], primary='ac-odflv1h-shard-00-01.whs5yyc.mongodb.net:27017', tagSet=TagSet{[Tag{name='availabilityZone', value='aps1-az2'}, Tag{name='cacheState', value='READY'}, Tag{name='diskState', value='READY'}, Tag{name='nodeType', value='ELECTABLE'}, Tag{name='provider', value='AWS'}, Tag{name='region', value='AP_SOUTH_1'}, Tag{name='workloadType', value='OPERATIONAL'}]}, electionId=null, setVersion=86, topologyVersion=TopologyVersion{processId=6a9f124ae46ec62a808915e0, counter=5}, lastWriteDate=Sat Sep 12 14:00:34 IST 2026, lastUpdateTimeNanos=79401079894617}
2026-09-12T14:00:34.332+05:30  INFO 249464 --- [marketplace-backend] [ngodb.net:27017] org.mongodb.driver.cluster               : Discovered replica set primary ac-odflv1h-shard-00-01.whs5yyc.mongodb.net:27017 with max election id 7fffffff00000000000000b0 and max set version 86
2026-09-12T14:00:34.346+05:30  WARN 249464 --- [marketplace-backend] [           main] com.marketplace.config.SecurityConfig    : ==================================================
2026-09-12T14:00:34.346+05:30  WARN 249464 --- [marketplace-backend] [           main] com.marketplace.config.SecurityConfig    : CORS CONFIGURATION
2026-09-12T14:00:34.347+05:30  WARN 249464 --- [marketplace-backend] [           main] com.marketplace.config.SecurityConfig    : Raw ALLOWED_ORIGINS: [http://localhost:3000,http://localhost:8085]
2026-09-12T14:00:34.347+05:30  WARN 249464 --- [marketplace-backend] [           main] com.marketplace.config.SecurityConfig    : Trimmed origins: [http://localhost:3000, http://localhost:8085]
2026-09-12T14:00:34.347+05:30  WARN 249464 --- [marketplace-backend] [           main] com.marketplace.config.SecurityConfig    : ==================================================
2026-09-12T14:00:34.359+05:30  INFO 249464 --- [marketplace-backend] [           main] o.s.s.web.DefaultSecurityFilterChain     : Will secure Or [Mvc [pattern='/api/media/**']] with [org.springframework.security.web.session.DisableEncodeUrlFilter@67afe909, org.springframework.security.web.context.request.async.WebAsyncManagerIntegrationFilter@79f1e22e, org.springframework.security.web.context.SecurityContextHolderFilter@2342f1ff, org.springframework.security.web.header.HeaderWriterFilter@2b7774d5, org.springframework.web.filter.CorsFilter@6903ed0e, org.springframework.security.web.authentication.logout.LogoutFilter@4243341e, org.springframework.security.web.savedrequest.RequestCacheAwareFilter@cec590c, org.springframework.security.web.servletapi.SecurityContextHolderAwareRequestFilter@1570cad0, org.springframework.security.web.authentication.AnonymousAuthenticationFilter@e154848, org.springframework.security.web.access.ExceptionTranslationFilter@18715bb, org.springframework.security.web.access.intercept.AuthorizationFilter@793cef95]
2026-09-12T14:00:34.365+05:30  INFO 249464 --- [marketplace-backend] [           main] o.s.s.web.DefaultSecurityFilterChain     : Will secure any request with [org.springframework.security.web.session.DisableEncodeUrlFilter@1b791dca, org.springframework.security.web.context.request.async.WebAsyncManagerIntegrationFilter@15ac02d5, org.springframework.security.web.context.SecurityContextHolderFilter@7cca31fc, org.springframework.security.web.header.HeaderWriterFilter@1bb96449, org.springframework.web.filter.CorsFilter@2af9a5ef, org.springframework.security.web.authentication.logout.LogoutFilter@1d226f27, com.marketplace.config.JwtAuthFilter@19a31b9d, org.springframework.security.web.savedrequest.RequestCacheAwareFilter@619c3546, org.springframework.security.web.servletapi.SecurityContextHolderAwareRequestFilter@29090809, org.springframework.security.web.authentication.AnonymousAuthenticationFilter@34f23816, org.springframework.security.web.session.SessionManagementFilter@6cceb281, org.springframework.security.web.access.ExceptionTranslationFilter@67a8bcbb, org.springframework.security.web.access.intercept.AuthorizationFilter@7c3c453b]
2026-09-12T14:00:34.479+05:30  INFO 249464 --- [marketplace-backend] [           main] o.s.b.w.embedded.tomcat.TomcatWebServer  : Tomcat started on port 8080 (http) with context path ''
2026-09-12T14:00:34.480+05:30  INFO 249464 --- [marketplace-backend] [           main] o.s.m.s.b.SimpleBrokerMessageHandler     : Starting...
2026-09-12T14:00:34.481+05:30  INFO 249464 --- [marketplace-backend] [           main] o.s.m.s.b.SimpleBrokerMessageHandler     : BrokerAvailabilityEvent[available=true, SimpleBrokerMessageHandler [org.springframework.messaging.simp.broker.DefaultSubscriptionRegistry@66b6873f]]
2026-09-12T14:00:34.482+05:30  INFO 249464 --- [marketplace-backend] [           main] o.s.m.s.b.SimpleBrokerMessageHandler     : Started.
2026-09-12T14:00:34.487+05:30  INFO 249464 --- [marketplace-backend] [           main] com.marketplace.MarketplaceApplication   : Started MarketplaceApplication in 1.96 seconds (process running for 2.131)
2026-09-12T14:00:34.660+05:30  INFO 249464 --- [marketplace-backend] [nio-8080-exec-2] o.a.c.c.C.[Tomcat].[localhost].[/]       : Initializing Spring DispatcherServlet 'dispatcherServlet'
2026-09-12T14:00:34.660+05:30  INFO 249464 --- [marketplace-backend] [nio-8080-exec-2] o.s.web.servlet.DispatcherServlet        : Initializing Servlet 'dispatcherServlet'
2026-09-12T14:00:34.662+05:30  INFO 249464 --- [marketplace-backend] [nio-8080-exec-2] o.s.web.servlet.DispatcherServlet        : Completed initialization in 2 ms
2026-09-12T14:00:34.671+05:30 DEBUG 249464 --- [marketplace-backend] [nio-8080-exec-2] o.s.security.web.FilterChainProxy        : Securing GET /api/categories
2026-09-12T14:00:34.675+05:30 DEBUG 249464 --- [marketplace-backend] [nio-8080-exec-2] o.s.s.w.a.AnonymousAuthenticationFilter  : Set SecurityContextHolder to anonymous SecurityContext
2026-09-12T14:00:34.676+05:30 DEBUG 249464 --- [marketplace-backend] [nio-8080-exec-2] o.s.security.web.FilterChainProxy        : Secured GET /api/categories
ℹ️  Admin user already exists: admin@vendorhub.com
2026-09-12T14:00:35.092+05:30  INFO 249464 --- [marketplace-backend] [           main] com.marketplace.config.DataSeeder        : Categories already exist. Skipping seeding. Count: 20
2026-09-12T14:00:35.169+05:30  INFO 249464 --- [marketplace-backend] [           main] com.marketplace.config.DataSeeder        : Quote requests already exist. Skipping seeding. Count: 27
2026-09-12T14:00:35.231+05:30  INFO 249464 --- [marketplace-backend] [           main] com.marketplace.config.DataSeeder        : Reviews already exist. Skipping seeding. Count: 7
2026-09-12T14:00:35.294+05:30  INFO 249464 --- [marketplace-backend] [           main] com.marketplace.config.DataSeeder        : Page views already exist. Skipping seeding. Count: 7
2026-09-12T14:00:35.452+05:30  INFO 249464 --- [marketplace-backend] [           main] com.marketplace.config.DataSeeder        : Notifications already exist. Skipping seeding. Count: 3
2026-09-12T14:00:35.520+05:30  INFO 249464 --- [marketplace-backend] [           main] com.marketplace.config.DataSeeder        : Subscriptions already exist. Skipping seeding. Count: 3
2026-09-12T14:00:35.586+05:30  INFO 249464 --- [marketplace-backend] [           main] com.marketplace.config.DataSeeder        : Collaborations already exist. Skipping seeding. Count: 2
2026-09-12T14:00:35.587+05:30  INFO 249464 --- [marketplace-backend] [           main] com.marketplace.config.DataSeeder        : ✅ Database seeding completed!
2026-09-12T14:00:35.588+05:30  INFO 249464 --- [marketplace-backend] [           main] com.marketplace.config.DataSeeder        : 📊 Total Collections: 9
2026-09-12T14:00:35.588+05:30  INFO 249464 --- [marketplace-backend] [           main] com.marketplace.config.DataSeeder        :    - vendors: Check existing data
2026-09-12T14:00:35.588+05:30  INFO 249464 --- [marketplace-backend] [           main] com.marketplace.config.DataSeeder        :    - users: Check existing data
2026-09-12T14:00:35.670+05:30  INFO 249464 --- [marketplace-backend] [           main] com.marketplace.config.DataSeeder        :    - categories: 20
2026-09-12T14:00:35.734+05:30  INFO 249464 --- [marketplace-backend] [           main] com.marketplace.config.DataSeeder        :    - quote_requests: 27
2026-09-12T14:00:35.824+05:30  INFO 249464 --- [marketplace-backend] [           main] com.marketplace.config.DataSeeder        :    - reviews: 7
2026-09-12T14:00:35.931+05:30  INFO 249464 --- [marketplace-backend] [           main] com.marketplace.config.DataSeeder        :    - page_views: 7
2026-09-12T14:00:36.018+05:30  INFO 249464 --- [marketplace-backend] [           main] com.marketplace.config.DataSeeder        :    - notifications: 3
2026-09-12T14:00:36.131+05:30  INFO 249464 --- [marketplace-backend] [           main] com.marketplace.config.DataSeeder        :    - subscriptions: 3
2026-09-12T14:00:36.209+05:30  INFO 249464 --- [marketplace-backend] [           main] com.marketplace.config.DataSeeder        :    - collaborations: 2
2026-09-12T14:00:36.255+05:30 DEBUG 249464 --- [marketplace-backend] [nio-8080-exec-1] o.s.security.web.FilterChainProxy        : Securing GET /ws/info?t=1789201836245
2026-09-12T14:00:36.261+05:30 DEBUG 249464 --- [marketplace-backend] [nio-8080-exec-1] o.s.s.w.a.AnonymousAuthenticationFilter  : Set SecurityContextHolder to anonymous SecurityContext
2026-09-12T14:00:36.262+05:30 DEBUG 249464 --- [marketplace-backend] [nio-8080-exec-1] o.s.security.web.FilterChainProxy        : Secured GET /ws/info?t=1789201836245
2026-09-12T14:00:36.272+05:30 DEBUG 249464 --- [marketplace-backend] [nio-8080-exec-3] o.s.security.web.FilterChainProxy        : Securing GET /ws/973/whilamgi/websocket
2026-09-12T14:00:36.273+05:30 DEBUG 249464 --- [marketplace-backend] [nio-8080-exec-3] o.s.s.w.a.AnonymousAuthenticationFilter  : Set SecurityContextHolder to anonymous SecurityContext
2026-09-12T14:00:36.273+05:30 DEBUG 249464 --- [marketplace-backend] [nio-8080-exec-3] o.s.security.web.FilterChainProxy        : Secured GET /ws/973/whilamgi/websocket
2026-09-12T14:00:36.367+05:30  INFO 249464 --- [marketplace-backend] [nio-8080-exec-3] c.m.config.WebSocketAuthInterceptor      : WebSocket connected successfully for user: yjcustomer@gmail.com
2026-09-12T14:00:36.375+05:30  INFO 249464 --- [marketplace-backend] [tboundChannel-1] c.m.config.PresenceEventListener         : User yjcustomer@gmail.com is now online
2026-09-12T14:00:36.696+05:30 DEBUG 249464 --- [marketplace-backend] [nio-8080-exec-5] o.s.security.web.FilterChainProxy        : Securing GET /ws/info?t=1789201836688
2026-09-12T14:00:36.698+05:30 DEBUG 249464 --- [marketplace-backend] [nio-8080-exec-5] o.s.s.w.a.AnonymousAuthenticationFilter  : Set SecurityContextHolder to anonymous SecurityContext
2026-09-12T14:00:36.698+05:30 DEBUG 249464 --- [marketplace-backend] [nio-8080-exec-5] o.s.security.web.FilterChainProxy        : Secured GET /ws/info?t=1789201836688
2026-09-12T14:00:36.707+05:30 DEBUG 249464 --- [marketplace-backend] [nio-8080-exec-6] o.s.security.web.FilterChainProxy        : Securing GET /ws/850/ijqybjev/websocket
2026-09-12T14:00:36.709+05:30 DEBUG 249464 --- [marketplace-backend] [nio-8080-exec-6] o.s.s.w.a.AnonymousAuthenticationFilter  : Set SecurityContextHolder to anonymous SecurityContext
2026-09-12T14:00:36.709+05:30 DEBUG 249464 --- [marketplace-backend] [nio-8080-exec-6] o.s.security.web.FilterChainProxy        : Secured GET /ws/850/ijqybjev/websocket
2026-09-12T14:00:36.716+05:30  INFO 249464 --- [marketplace-backend] [nio-8080-exec-7] c.m.config.WebSocketAuthInterceptor      : WebSocket connected successfully for user: devendrapatidar@gmail.com
2026-09-12T14:00:36.717+05:30  INFO 249464 --- [marketplace-backend] [tboundChannel-2] c.m.config.PresenceEventListener         : User devendrapatidar@gmail.com is now online
2026-09-12T14:00:47.942+05:30 DEBUG 249464 --- [marketplace-backend] [nio-8080-exec-9] o.s.security.web.FilterChainProxy        : Securing GET /api/media/pdf?url=http%3A%2F%2Fres.cloudinary.com%2Fdtzjzuoud%2Fraw%2Fupload%2Fv1%2Ffake
2026-09-12T14:00:47.949+05:30 DEBUG 249464 --- [marketplace-backend] [nio-8080-exec-9] o.s.security.web.FilterChainProxy        : Secured GET /api/media/pdf?url=http%3A%2F%2Fres.cloudinary.com%2Fdtzjzuoud%2Fraw%2Fupload%2Fv1%2Ffake
2026-09-12T14:00:48.589+05:30 ERROR 249464 --- [marketplace-backend] [nio-8080-exec-9] c.m.controller.MediaProxyController      : Failed to proxy PDF from http://res.cloudinary.com/dtzjzuoud/raw/upload/v1/fake: 404 Not Found: [no body]
2026-09-12T14:00:48.594+05:30 DEBUG 249464 --- [marketplace-backend] [nio-8080-exec-9] o.s.s.w.a.AnonymousAuthenticationFilter  : Set SecurityContextHolder to anonymous SecurityContext
2026-09-12T14:00:48.600+05:30 DEBUG 249464 --- [marketplace-backend] [nio-8080-exec-2] o.s.security.web.FilterChainProxy        : Securing GET /api/categories
2026-09-12T14:00:48.601+05:30 DEBUG 249464 --- [marketplace-backend] [nio-8080-exec-2] o.s.s.w.a.AnonymousAuthenticationFilter  : Set SecurityContextHolder to anonymous SecurityContext
2026-09-12T14:00:48.601+05:30 DEBUG 249464 --- [marketplace-backend] [nio-8080-exec-2] o.s.security.web.FilterChainProxy        : Secured GET /api/categories
2026-09-12T14:01:16.801+05:30 DEBUG 249464 --- [marketplace-backend] [nio-8080-exec-1] o.s.security.web.FilterChainProxy        : Securing POST /api/auth/signup
2026-09-12T14:01:16.802+05:30 DEBUG 249464 --- [marketplace-backend] [nio-8080-exec-1] o.s.s.w.a.AnonymousAuthenticationFilter  : Set SecurityContextHolder to anonymous SecurityContext
2026-09-12T14:01:16.802+05:30 DEBUG 249464 --- [marketplace-backend] [nio-8080-exec-1] o.s.security.web.FilterChainProxy        : Secured POST /api/auth/signup
2026-09-12T14:01:17.343+05:30 DEBUG 249464 --- [marketplace-backend] [nio-8080-exec-3] o.s.security.web.FilterChainProxy        : Securing POST /api/auth/vendor/signup
2026-09-12T14:01:17.343+05:30 DEBUG 249464 --- [marketplace-backend] [nio-8080-exec-3] o.s.s.w.a.AnonymousAuthenticationFilter  : Set SecurityContextHolder to anonymous SecurityContext
2026-09-12T14:01:17.343+05:30 DEBUG 249464 --- [marketplace-backend] [nio-8080-exec-3] o.s.security.web.FilterChainProxy        : Secured POST /api/auth/vendor/signup
2026-09-12T14:01:17.797+05:30 DEBUG 249464 --- [marketplace-backend] [nio-8080-exec-4] o.s.security.web.FilterChainProxy        : Securing GET /api/vendor/profile?email=framev_7rx7xw%40test.com
2026-09-12T14:01:17.801+05:30 DEBUG 249464 --- [marketplace-backend] [nio-8080-exec-4] o.s.security.web.FilterChainProxy        : Secured GET /api/vendor/profile?email=framev_7rx7xw%40test.com
2026-09-12T14:01:17.886+05:30 DEBUG 249464 --- [marketplace-backend] [nio-8080-exec-5] o.s.security.web.FilterChainProxy        : Securing POST /api/quotes/request
2026-09-12T14:01:17.886+05:30 DEBUG 249464 --- [marketplace-backend] [nio-8080-exec-5] o.s.s.w.a.AnonymousAuthenticationFilter  : Set SecurityContextHolder to anonymous SecurityContext
2026-09-12T14:01:17.886+05:30 DEBUG 249464 --- [marketplace-backend] [nio-8080-exec-5] o.s.security.web.FilterChainProxy        : Secured POST /api/quotes/request
2026-09-12T14:01:18.415+05:30 DEBUG 249464 --- [marketplace-backend] [nio-8080-exec-6] o.s.security.web.FilterChainProxy        : Securing GET /api/conversations/customer/frame_7rx7xw@test.com
2026-09-12T14:01:18.421+05:30 DEBUG 249464 --- [marketplace-backend] [nio-8080-exec-6] o.s.security.web.FilterChainProxy        : Secured GET /api/conversations/customer/frame_7rx7xw@test.com
2026-09-12T14:01:18.689+05:30 DEBUG 249464 --- [marketplace-backend] [nio-8080-exec-7] o.s.security.web.FilterChainProxy        : Securing POST /api/conversations/upload
2026-09-12T14:01:18.692+05:30 DEBUG 249464 --- [marketplace-backend] [nio-8080-exec-7] o.s.security.web.FilterChainProxy        : Secured POST /api/conversations/upload
2026-09-12T14:01:20.326+05:30 DEBUG 249464 --- [marketplace-backend] [nio-8080-exec-7] o.s.security.web.FilterChainProxy        : Securing GET /api/media/pdf?url=http%3A%2F%2Fres.cloudinary.com%2Fdtzjzuoud%2Fraw%2Fupload%2Fv1789201879%2Ffile_is8kzd&download=false
2026-09-12T14:01:20.327+05:30 DEBUG 249464 --- [marketplace-backend] [nio-8080-exec-7] o.s.security.web.FilterChainProxy        : Secured GET /api/media/pdf?url=http%3A%2F%2Fres.cloudinary.com%2Fdtzjzuoud%2Fraw%2Fupload%2Fv1789201879%2Ffile_is8kzd&download=false
2026-09-12T14:01:20.797+05:30 DEBUG 249464 --- [marketplace-backend] [nio-8080-exec-7] o.s.s.w.a.AnonymousAuthenticationFilter  : Set SecurityContextHolder to anonymous SecurityContext
2026-09-12T14:01:20.802+05:30 DEBUG 249464 --- [marketplace-backend] [nio-8080-exec-8] o.s.security.web.FilterChainProxy        : Securing GET /api/categories
2026-09-12T14:01:20.803+05:30 DEBUG 249464 --- [marketplace-backend] [nio-8080-exec-8] o.s.s.w.a.AnonymousAuthenticationFilter  : Set SecurityContextHolder to anonymous SecurityContext
2026-09-12T14:01:20.804+05:30 DEBUG 249464 --- [marketplace-backend] [nio-8080-exec-8] o.s.security.web.FilterChainProxy        : Secured GET /api/categories
2026-09-12T14:01:33.746+05:30 DEBUG 249464 --- [marketplace-backend] [io-8080-exec-10] o.s.security.web.FilterChainProxy        : Securing GET /api/categories
2026-09-12T14:01:33.747+05:30 DEBUG 249464 --- [marketplace-backend] [io-8080-exec-10] o.s.s.w.a.AnonymousAuthenticationFilter  : Set SecurityContextHolder to anonymous SecurityContext
2026-09-12T14:01:33.747+05:30 DEBUG 249464 --- [marketplace-backend] [io-8080-exec-10] o.s.security.web.FilterChainProxy        : Secured GET /api/categories
2026-09-12T14:01:34.481+05:30  INFO 249464 --- [marketplace-backend] [MessageBroker-2] o.s.w.s.c.WebSocketMessageBrokerStats    : WebSocketSession[2 current WS(2)-HttpStream(0)-HttpPoll(0), 2 total, 0 closed abnormally (0 connect failure, 0 send limit, 0 transport error)], stompSubProtocol[processed CONNECT(2)-CONNECTED(2)-DISCONNECT(0)], stompBrokerRelay[null], inboundChannel[pool size = 8, active threads = 0, queued tasks = 0, completed tasks = 18], outboundChannel[pool size = 3, active threads = 0, queued tasks = 0, completed tasks = 3], sockJsScheduler[pool size = 4, active threads = 1, queued tasks = 3, completed tasks = 16]
2026-09-12T14:05:22.461+05:30  INFO 249464 --- [marketplace-backend] [nio-8080-exec-3] c.m.config.PresenceEventListener         : User yjcustomer@gmail.com is now offline
2026-09-12T14:05:23.302+05:30 DEBUG 249464 --- [marketplace-backend] [nio-8080-exec-4] o.s.security.web.FilterChainProxy        : Securing GET /api/customer/profile?email=yjcustomer@gmail.com
2026-09-12T14:05:23.309+05:30 DEBUG 249464 --- [marketplace-backend] [nio-8080-exec-5] o.s.security.web.FilterChainProxy        : Securing GET /api/conversations/customer/yjcustomer@gmail.com
2026-09-12T14:05:23.314+05:30 DEBUG 249464 --- [marketplace-backend] [nio-8080-exec-5] o.s.security.web.FilterChainProxy        : Secured GET /api/conversations/customer/yjcustomer@gmail.com
2026-09-12T14:05:23.319+05:30 DEBUG 249464 --- [marketplace-backend] [nio-8080-exec-4] o.s.security.web.FilterChainProxy        : Secured GET /api/customer/profile?email=yjcustomer@gmail.com
2026-09-12T14:05:23.384+05:30 DEBUG 249464 --- [marketplace-backend] [nio-8080-exec-6] o.s.security.web.FilterChainProxy        : Securing GET /ws/info?t=1789202123356
2026-09-12T14:05:23.400+05:30 DEBUG 249464 --- [marketplace-backend] [nio-8080-exec-6] o.s.s.w.a.AnonymousAuthenticationFilter  : Set SecurityContextHolder to anonymous SecurityContext
2026-09-12T14:05:23.400+05:30 DEBUG 249464 --- [marketplace-backend] [nio-8080-exec-6] o.s.security.web.FilterChainProxy        : Secured GET /ws/info?t=1789202123356
2026-09-12T14:05:23.444+05:30 DEBUG 249464 --- [marketplace-backend] [nio-8080-exec-7] o.s.security.web.FilterChainProxy        : Securing GET /ws/245/s013pbci/websocket
2026-09-12T14:05:23.454+05:30 DEBUG 249464 --- [marketplace-backend] [nio-8080-exec-7] o.s.s.w.a.AnonymousAuthenticationFilter  : Set SecurityContextHolder to anonymous SecurityContext
2026-09-12T14:05:23.457+05:30 DEBUG 249464 --- [marketplace-backend] [nio-8080-exec-8] o.s.security.web.FilterChainProxy        : Securing GET /api/customer/profile?email=yjcustomer@gmail.com
2026-09-12T14:05:23.457+05:30 DEBUG 249464 --- [marketplace-backend] [nio-8080-exec-7] o.s.security.web.FilterChainProxy        : Secured GET /ws/245/s013pbci/websocket
2026-09-12T14:05:23.463+05:30 DEBUG 249464 --- [marketplace-backend] [nio-8080-exec-8] o.s.security.web.FilterChainProxy        : Secured GET /api/customer/profile?email=yjcustomer@gmail.com
2026-09-12T14:05:23.522+05:30  INFO 249464 --- [marketplace-backend] [nio-8080-exec-9] c.m.config.WebSocketAuthInterceptor      : WebSocket connected successfully for user: yjcustomer@gmail.com
2026-09-12T14:05:23.575+05:30  INFO 249464 --- [marketplace-backend] [tboundChannel-7] c.m.config.PresenceEventListener         : User yjcustomer@gmail.com is now online
2026-09-12T14:05:24.989+05:30 DEBUG 249464 --- [marketplace-backend] [nio-8080-exec-2] o.s.security.web.FilterChainProxy        : Securing GET /api/conversations/customer/yjcustomer@gmail.com
2026-09-12T14:05:24.993+05:30 DEBUG 249464 --- [marketplace-backend] [nio-8080-exec-2] o.s.security.web.FilterChainProxy        : Secured GET /api/conversations/customer/yjcustomer@gmail.com
2026-09-12T14:05:25.096+05:30 DEBUG 249464 --- [marketplace-backend] [nio-8080-exec-1] o.s.security.web.FilterChainProxy        : Securing GET /api/presence?userIds=devendrapatidar%40gmail.com,yogeshjat89%40gmail.com,yjvendor%40gmail.com
2026-09-12T14:05:25.099+05:30 DEBUG 249464 --- [marketplace-backend] [nio-8080-exec-1] o.s.security.web.FilterChainProxy        : Secured GET /api/presence?userIds=devendrapatidar%40gmail.com,yogeshjat89%40gmail.com,yjvendor%40gmail.com
2026-09-12T14:05:26.255+05:30 DEBUG 249464 --- [marketplace-backend] [nio-8080-exec-3] o.s.security.web.FilterChainProxy        : Securing GET /api/conversations/6aa5060d8864145de588080a/messages
2026-09-12T14:05:26.257+05:30 DEBUG 249464 --- [marketplace-backend] [nio-8080-exec-3] o.s.security.web.FilterChainProxy        : Secured GET /api/conversations/6aa5060d8864145de588080a/messages
2026-09-12T14:05:26.931+05:30 DEBUG 249464 --- [marketplace-backend] [nio-8080-exec-4] o.s.security.web.FilterChainProxy        : Securing GET /api/presence?userIds=devendrapatidar%40gmail.com,yogeshjat89%40gmail.com,yjvendor%40gmail.com
2026-09-12T14:05:26.938+05:30 DEBUG 249464 --- [marketplace-backend] [nio-8080-exec-4] o.s.security.web.FilterChainProxy        : Secured GET /api/presence?userIds=devendrapatidar%40gmail.com,yogeshjat89%40gmail.com,yjvendor%40gmail.com
2026-09-12T14:05:27.657+05:30 DEBUG 249464 --- [marketplace-backend] [nio-8080-exec-7] o.s.security.web.FilterChainProxy        : Securing GET /api/media/pdf?url=http%3A%2F%2Fres.cloudinary.com%2Fdtzjzuoud%2Fraw%2Fupload%2Fv1789201634%2Ffile_xazcxn&download=false
2026-09-12T14:05:27.658+05:30 DEBUG 249464 --- [marketplace-backend] [nio-8080-exec-7] o.s.security.web.FilterChainProxy        : Secured GET /api/media/pdf?url=http%3A%2F%2Fres.cloudinary.com%2Fdtzjzuoud%2Fraw%2Fupload%2Fv1789201634%2Ffile_xazcxn&download=false
2026-09-12T14:05:27.839+05:30 DEBUG 249464 --- [marketplace-backend] [nio-8080-exec-7] o.s.s.w.a.AnonymousAuthenticationFilter  : Set SecurityContextHolder to anonymous SecurityContext
2026-09-12T14:05:49.609+05:30 DEBUG 249464 --- [marketplace-backend] [nio-8080-exec-9] o.s.security.web.FilterChainProxy        : Securing GET /api/media/pdf?url=http%3A%2F%2Fres.cloudinary.com%2Fdtzjzuoud%2Fimage%2Fupload%2Fv1789200015%2Ffile_i1jgob.pdf&download=false
2026-09-12T14:05:49.610+05:30 DEBUG 249464 --- [marketplace-backend] [nio-8080-exec-9] o.s.security.web.FilterChainProxy        : Secured GET /api/media/pdf?url=http%3A%2F%2Fres.cloudinary.com%2Fdtzjzuoud%2Fimage%2Fupload%2Fv1789200015%2Ffile_i1jgob.pdf&download=false
2026-09-12T14:05:49.612+05:30 DEBUG 249464 --- [marketplace-backend] [nio-8080-exec-9] o.s.s.w.a.AnonymousAuthenticationFilter  : Set SecurityContextHolder to anonymous SecurityContext
2026-09-12T14:05:56.706+05:30 DEBUG 249464 --- [marketplace-backend] [nio-8080-exec-8] o.s.security.web.FilterChainProxy        : Securing GET /api/media/pdf?url=http%3A%2F%2Fres.cloudinary.com%2Fdtzjzuoud%2Fraw%2Fupload%2Fv1789201634%2Ffile_xazcxn&download=false
2026-09-12T14:05:56.707+05:30 DEBUG 249464 --- [marketplace-backend] [nio-8080-exec-8] o.s.security.web.FilterChainProxy        : Secured GET /api/media/pdf?url=http%3A%2F%2Fres.cloudinary.com%2Fdtzjzuoud%2Fraw%2Fupload%2Fv1789201634%2Ffile_xazcxn&download=false
2026-09-12T14:05:56.864+05:30 DEBUG 249464 --- [marketplace-backend] [nio-8080-exec-8] o.s.s.w.a.AnonymousAuthenticationFilter  : Set SecurityContextHolder to anonymous SecurityContext
2026-09-12T14:05:59.003+05:30 DEBUG 249464 --- [marketplace-backend] [io-8080-exec-10] o.s.security.web.FilterChainProxy        : Securing GET /api/media/pdf?url=http%3A%2F%2Fres.cloudinary.com%2Fdtzjzuoud%2Fraw%2Fupload%2Fv1789200555%2Ffile_smncqh&download=false
2026-09-12T14:05:59.004+05:30 DEBUG 249464 --- [marketplace-backend] [io-8080-exec-10] o.s.security.web.FilterChainProxy        : Secured GET /api/media/pdf?url=http%3A%2F%2Fres.cloudinary.com%2Fdtzjzuoud%2Fraw%2Fupload%2Fv1789200555%2Ffile_smncqh&download=false
2026-09-12T14:05:59.517+05:30 DEBUG 249464 --- [marketplace-backend] [io-8080-exec-10] o.s.s.w.a.AnonymousAuthenticationFilter  : Set SecurityContextHolder to anonymous SecurityContext
2026-09-12T14:06:43.298+05:30 DEBUG 249464 --- [marketplace-backend] [nio-8080-exec-6] o.s.security.web.FilterChainProxy        : Securing OPTIONS /api/conversations/6aa5017e2581a3325e1739c5/messages
2026-09-12T14:06:43.305+05:30 DEBUG 249464 --- [marketplace-backend] [nio-8080-exec-2] o.s.security.web.FilterChainProxy        : Securing GET /api/conversations/6aa5017e2581a3325e1739c5/messages
2026-09-12T14:06:43.306+05:30 DEBUG 249464 --- [marketplace-backend] [nio-8080-exec-2] o.s.security.web.FilterChainProxy        : Secured GET /api/conversations/6aa5017e2581a3325e1739c5/messages
2026-09-12T14:06:45.036+05:30 DEBUG 249464 --- [marketplace-backend] [nio-8080-exec-7] o.s.security.web.FilterChainProxy        : Securing GET /api/conversations/6aa5060d8864145de588080a/messages
2026-09-12T14:06:45.039+05:30 DEBUG 249464 --- [marketplace-backend] [nio-8080-exec-7] o.s.security.web.FilterChainProxy        : Secured GET /api/conversations/6aa5060d8864145de588080a/messages
2026-09-12T14:28:25.710+05:30 DEBUG 249464 --- [marketplace-backend] [nio-8080-exec-1] o.s.security.web.FilterChainProxy        : Securing OPTIONS /api/notifications/unread-count
2026-09-12T14:28:25.716+05:30 DEBUG 249464 --- [marketplace-backend] [nio-8080-exec-2] o.s.security.web.FilterChainProxy        : Securing GET /ws/info?t=1789203505699
2026-09-12T14:28:25.716+05:30 DEBUG 249464 --- [marketplace-backend] [nio-8080-exec-3] o.s.security.web.FilterChainProxy        : Securing OPTIONS /api/notifications
2026-09-12T14:28:25.718+05:30 DEBUG 249464 --- [marketplace-backend] [nio-8080-exec-2] o.s.s.w.a.AnonymousAuthenticationFilter  : Set SecurityContextHolder to anonymous SecurityContext
2026-09-12T14:28:25.716+05:30 DEBUG 249464 --- [marketplace-backend] [nio-8080-exec-5] o.s.security.web.FilterChainProxy        : Securing OPTIONS /api/notifications
2026-09-12T14:28:25.719+05:30 DEBUG 249464 --- [marketplace-backend] [nio-8080-exec-2] o.s.security.web.FilterChainProxy        : Secured GET /ws/info?t=1789203505699
2026-09-12T14:28:25.716+05:30 DEBUG 249464 --- [marketplace-backend] [nio-8080-exec-6] o.s.security.web.FilterChainProxy        : Securing OPTIONS /api/notifications/unread-count
2026-09-12T14:28:25.730+05:30 DEBUG 249464 --- [marketplace-backend] [nio-8080-exec-4] o.s.security.web.FilterChainProxy        : Securing GET /api/notifications
2026-09-12T14:28:25.730+05:30 DEBUG 249464 --- [marketplace-backend] [nio-8080-exec-7] o.s.security.web.FilterChainProxy        : Securing GET /api/notifications/unread-count
2026-09-12T14:28:25.736+05:30 DEBUG 249464 --- [marketplace-backend] [nio-8080-exec-9] o.s.security.web.FilterChainProxy        : Securing GET /ws/930/4s345yoh/websocket
2026-09-12T14:28:25.737+05:30 DEBUG 249464 --- [marketplace-backend] [nio-8080-exec-9] o.s.s.w.a.AnonymousAuthenticationFilter  : Set SecurityContextHolder to anonymous SecurityContext
2026-09-12T14:28:25.738+05:30 DEBUG 249464 --- [marketplace-backend] [nio-8080-exec-9] o.s.security.web.FilterChainProxy        : Secured GET /ws/930/4s345yoh/websocket
2026-09-12T14:28:25.751+05:30 DEBUG 249464 --- [marketplace-backend] [nio-8080-exec-7] o.s.s.w.a.AnonymousAuthenticationFilter  : Set SecurityContextHolder to anonymous SecurityContext
2026-09-12T14:28:25.751+05:30 DEBUG 249464 --- [marketplace-backend] [nio-8080-exec-4] o.s.s.w.a.AnonymousAuthenticationFilter  : Set SecurityContextHolder to anonymous SecurityContext
2026-09-12T14:28:25.756+05:30 DEBUG 249464 --- [marketplace-backend] [nio-8080-exec-4] o.s.s.w.a.Http403ForbiddenEntryPoint     : Pre-authenticated entry point called. Rejecting access
2026-09-12T14:28:25.756+05:30 DEBUG 249464 --- [marketplace-backend] [nio-8080-exec-7] o.s.s.w.a.Http403ForbiddenEntryPoint     : Pre-authenticated entry point called. Rejecting access
2026-09-12T14:28:25.775+05:30 DEBUG 249464 --- [marketplace-backend] [nio-8080-exec-4] o.s.security.web.FilterChainProxy        : Securing GET /error
2026-09-12T14:28:25.776+05:30 DEBUG 249464 --- [marketplace-backend] [nio-8080-exec-4] o.s.security.web.FilterChainProxy        : Secured GET /error
2026-09-12T14:28:25.775+05:30 DEBUG 249464 --- [marketplace-backend] [nio-8080-exec-7] o.s.security.web.FilterChainProxy        : Securing GET /error
2026-09-12T14:28:25.777+05:30 DEBUG 249464 --- [marketplace-backend] [nio-8080-exec-7] o.s.security.web.FilterChainProxy        : Secured GET /error
2026-09-12T14:28:25.800+05:30 ERROR 249464 --- [marketplace-backend] [nio-8080-exec-8] c.m.config.WebSocketAuthInterceptor      : WebSocket auth error: JWT expired 1374799 milliseconds ago at 2026-09-12T08:35:31.000Z. Current time: 2026-09-12T08:58:25.799Z. Allowed clock skew: 0 milliseconds.
2026-09-12T14:28:25.810+05:30 DEBUG 249464 --- [marketplace-backend] [nio-8080-exec-7] o.s.s.w.a.AnonymousAuthenticationFilter  : Set SecurityContextHolder to anonymous SecurityContext
2026-09-12T14:28:25.811+05:30 DEBUG 249464 --- [marketplace-backend] [nio-8080-exec-4] o.s.s.w.a.AnonymousAuthenticationFilter  : Set SecurityContextHolder to anonymous SecurityContext
2026-09-12T14:28:25.813+05:30 DEBUG 249464 --- [marketplace-backend] [nio-8080-exec-4] o.s.security.web.FilterChainProxy        : Securing GET /api/notifications/unread-count
2026-09-12T14:28:25.817+05:30 DEBUG 249464 --- [marketplace-backend] [io-8080-exec-10] o.s.security.web.FilterChainProxy        : Securing GET /api/notifications
2026-09-12T14:28:25.821+05:30 DEBUG 249464 --- [marketplace-backend] [nio-8080-exec-4] o.s.s.w.a.AnonymousAuthenticationFilter  : Set SecurityContextHolder to anonymous SecurityContext
2026-09-12T14:28:25.823+05:30 DEBUG 249464 --- [marketplace-backend] [nio-8080-exec-4] o.s.s.w.a.Http403ForbiddenEntryPoint     : Pre-authenticated entry point called. Rejecting access
2026-09-12T14:28:25.822+05:30 DEBUG 249464 --- [marketplace-backend] [io-8080-exec-10] o.s.s.w.a.AnonymousAuthenticationFilter  : Set SecurityContextHolder to anonymous SecurityContext
2026-09-12T14:28:25.824+05:30 DEBUG 249464 --- [marketplace-backend] [io-8080-exec-10] o.s.s.w.a.Http403ForbiddenEntryPoint     : Pre-authenticated entry point called. Rejecting access
2026-09-12T14:28:25.826+05:30 DEBUG 249464 --- [marketplace-backend] [nio-8080-exec-4] o.s.security.web.FilterChainProxy        : Securing GET /error
2026-09-12T14:28:25.826+05:30 DEBUG 249464 --- [marketplace-backend] [nio-8080-exec-4] o.s.security.web.FilterChainProxy        : Secured GET /error
2026-09-12T14:28:25.829+05:30 DEBUG 249464 --- [marketplace-backend] [io-8080-exec-10] o.s.security.web.FilterChainProxy        : Securing GET /error
2026-09-12T14:28:25.831+05:30 DEBUG 249464 --- [marketplace-backend] [io-8080-exec-10] o.s.security.web.FilterChainProxy        : Secured GET /error
2026-09-12T14:28:25.831+05:30 DEBUG 249464 --- [marketplace-backend] [nio-8080-exec-4] o.s.s.w.a.AnonymousAuthenticationFilter  : Set SecurityContextHolder to anonymous SecurityContext
2026-09-12T14:28:25.834+05:30 DEBUG 249464 --- [marketplace-backend] [io-8080-exec-10] o.s.s.w.a.AnonymousAuthenticationFilter  : Set SecurityContextHolder to anonymous SecurityContext
2026-09-12T14:28:26.813+05:30  INFO 249464 --- [marketplace-backend] [nio-8080-exec-5] c.m.config.PresenceEventListener         : User devendrapatidar@gmail.com is now offline
2026-09-12T14:28:39.612+05:30 DEBUG 249464 --- [marketplace-backend] [nio-8080-exec-2] o.s.security.web.FilterChainProxy        : Securing OPTIONS /api/notifications/unread-count
2026-09-12T14:28:39.612+05:30 DEBUG 249464 --- [marketplace-backend] [nio-8080-exec-7] o.s.security.web.FilterChainProxy        : Securing OPTIONS /api/notifications/unread-count
2026-09-12T14:28:39.613+05:30 DEBUG 249464 --- [marketplace-backend] [nio-8080-exec-9] o.s.security.web.FilterChainProxy        : Securing OPTIONS /api/notifications
2026-09-12T14:28:39.614+05:30 DEBUG 249464 --- [marketplace-backend] [nio-8080-exec-8] o.s.security.web.FilterChainProxy        : Securing OPTIONS /api/notifications
2026-09-12T14:28:39.625+05:30 DEBUG 249464 --- [marketplace-backend] [nio-8080-exec-3] o.s.security.web.FilterChainProxy        : Securing GET /api/notifications/unread-count
2026-09-12T14:28:39.625+05:30 DEBUG 249464 --- [marketplace-backend] [nio-8080-exec-4] o.s.security.web.FilterChainProxy        : Securing GET /api/notifications
2026-09-12T14:28:39.627+05:30 DEBUG 249464 --- [marketplace-backend] [nio-8080-exec-4] o.s.s.w.a.AnonymousAuthenticationFilter  : Set SecurityContextHolder to anonymous SecurityContext
2026-09-12T14:28:39.627+05:30 DEBUG 249464 --- [marketplace-backend] [nio-8080-exec-3] o.s.s.w.a.AnonymousAuthenticationFilter  : Set SecurityContextHolder to anonymous SecurityContext
2026-09-12T14:28:39.628+05:30 DEBUG 249464 --- [marketplace-backend] [nio-8080-exec-3] o.s.s.w.a.Http403ForbiddenEntryPoint     : Pre-authenticated entry point called. Rejecting access
2026-09-12T14:28:39.628+05:30 DEBUG 249464 --- [marketplace-backend] [nio-8080-exec-4] o.s.s.w.a.Http403ForbiddenEntryPoint     : Pre-authenticated entry point called. Rejecting access
2026-09-12T14:28:39.629+05:30 DEBUG 249464 --- [marketplace-backend] [nio-8080-exec-4] o.s.security.web.FilterChainProxy        : Securing GET /error
2026-09-12T14:28:39.629+05:30 DEBUG 249464 --- [marketplace-backend] [nio-8080-exec-3] o.s.security.web.FilterChainProxy        : Securing GET /error
2026-09-12T14:28:39.629+05:30 DEBUG 249464 --- [marketplace-backend] [nio-8080-exec-4] o.s.security.web.FilterChainProxy        : Secured GET /error
2026-09-12T14:28:39.629+05:30 DEBUG 249464 --- [marketplace-backend] [nio-8080-exec-3] o.s.security.web.FilterChainProxy        : Secured GET /error
2026-09-12T14:28:39.631+05:30 DEBUG 249464 --- [marketplace-backend] [nio-8080-exec-3] o.s.s.w.a.AnonymousAuthenticationFilter  : Set SecurityContextHolder to anonymous SecurityContext
2026-09-12T14:28:39.634+05:30 DEBUG 249464 --- [marketplace-backend] [nio-8080-exec-4] o.s.s.w.a.AnonymousAuthenticationFilter  : Set SecurityContextHolder to anonymous SecurityContext
2026-09-12T14:28:39.636+05:30 DEBUG 249464 --- [marketplace-backend] [io-8080-exec-10] o.s.security.web.FilterChainProxy        : Securing GET /api/notifications
2026-09-12T14:28:39.636+05:30 DEBUG 249464 --- [marketplace-backend] [nio-8080-exec-3] o.s.security.web.FilterChainProxy        : Securing GET /api/notifications/unread-count
2026-09-12T14:28:39.638+05:30 DEBUG 249464 --- [marketplace-backend] [nio-8080-exec-3] o.s.s.w.a.AnonymousAuthenticationFilter  : Set SecurityContextHolder to anonymous SecurityContext
2026-09-12T14:28:39.639+05:30 DEBUG 249464 --- [marketplace-backend] [nio-8080-exec-3] o.s.s.w.a.Http403ForbiddenEntryPoint     : Pre-authenticated entry point called. Rejecting access
2026-09-12T14:28:39.639+05:30 DEBUG 249464 --- [marketplace-backend] [nio-8080-exec-3] o.s.security.web.FilterChainProxy        : Securing GET /error
2026-09-12T14:28:39.640+05:30 DEBUG 249464 --- [marketplace-backend] [nio-8080-exec-3] o.s.security.web.FilterChainProxy        : Secured GET /error
2026-09-12T14:28:39.640+05:30 DEBUG 249464 --- [marketplace-backend] [io-8080-exec-10] o.s.s.w.a.AnonymousAuthenticationFilter  : Set SecurityContextHolder to anonymous SecurityContext
2026-09-12T14:28:39.641+05:30 DEBUG 249464 --- [marketplace-backend] [io-8080-exec-10] o.s.s.w.a.Http403ForbiddenEntryPoint     : Pre-authenticated entry point called. Rejecting access
2026-09-12T14:28:39.641+05:30 DEBUG 249464 --- [marketplace-backend] [io-8080-exec-10] o.s.security.web.FilterChainProxy        : Securing GET /error
2026-09-12T14:28:39.642+05:30 DEBUG 249464 --- [marketplace-backend] [nio-8080-exec-3] o.s.s.w.a.AnonymousAuthenticationFilter  : Set SecurityContextHolder to anonymous SecurityContext
2026-09-12T14:28:39.642+05:30 DEBUG 249464 --- [marketplace-backend] [io-8080-exec-10] o.s.security.web.FilterChainProxy        : Secured GET /error
2026-09-12T14:28:39.643+05:30 DEBUG 249464 --- [marketplace-backend] [io-8080-exec-10] o.s.s.w.a.AnonymousAuthenticationFilter  : Set SecurityContextHolder to anonymous SecurityContext
2026-09-12T14:28:39.694+05:30  INFO 249464 --- [marketplace-backend] [nio-8080-exec-6] c.m.config.PresenceEventListener         : User yjcustomer@gmail.com is now offline
2026-09-12T14:29:14.768+05:30  INFO 249464 --- [marketplace-backend] [ionShutdownHook] o.s.m.s.b.SimpleBrokerMessageHandler     : Stopping...
2026-09-12T14:29:14.770+05:30  INFO 249464 --- [marketplace-backend] [ionShutdownHook] o.s.m.s.b.SimpleBrokerMessageHandler     : BrokerAvailabilityEvent[available=false, SimpleBrokerMessageHandler [org.springframework.messaging.simp.broker.DefaultSubscriptionRegistry@66b6873f]]
2026-09-12T14:29:14.771+05:30  INFO 249464 --- [marketplace-backend] [ionShutdownHook] o.s.m.s.b.SimpleBrokerMessageHandler     : Stopped.
